python : INFO:datasets:JAX version 0.7.2 available.
No linha:1 caractere:1
+ python tests/test_mycelial.py > tests/test_output.txt 2>&1
+ ~~~~~~~~~~~~~~~~~~~~~~~~~~~~~~~~~~~~~~~~~~~~~~~~~~~~~~~~~~
    + CategoryInfo          : NotSpecified: (INFO:datasets:J....7.2 available.:String) [], RemoteException
    + FullyQualifiedErrorId : NativeCommandError
 
============================================================
ALEXANDRIA :: TESTES DO MYCELIAL REASONING
============================================================

Traceback (most recent call last):
  File "C:\Users\G\Desktop\Alexandria\tests\test_mycelial.py", line 57, in run
    print(f"{status} | {name}")
    ~~~~~^^^^^^^^^^^^^^^^^^^^^^
  File "C:\Users\G\AppData\Local\Programs\Python\Python313\Lib\encodings\cp1252.py", line 19, in encode
    return codecs.charmap_encode(input,self.errors,encoding_table)[0]
           ~~~~~~~~~~~~~~~~~~~~~^^^^^^^^^^^^^^^^^^^^^^^^^^^^^^^^^^
UnicodeEncodeError: 'charmap' codec can't encode character '\u2705' in position 0: character maps to <undefined>

During handling of the above exception, another exception occurred:

Traceback (most recent call last):
  File "C:\Users\G\Desktop\Alexandria\tests\test_mycelial.py", line 472, in <module>
    sys.exit(main())
             ~~~~^^
  File "C:\Users\G\Desktop\Alexandria\tests\test_mycelial.py", line 442, in main
    runner.run("Import", test_import)
    ~~~~~~~~~~^^^^^^^^^^^^^^^^^^^^^^^
  File "C:\Users\G\Desktop\Alexandria\tests\test_mycelial.py", line 65, in run
    print(f"\U0001f4a5 ERROR | {name}")
    ~~~~~^^^^^^^^^^^^^^^^^^^^^^
  File "C:\Users\G\AppData\Local\Programs\Python\Python313\Lib\encodings\cp1252.py", line 19, in encode
    return codecs.charmap_encode(input,self.errors,encoding_table)[0]
           ~~~~~~~~~~~~~~~~~~~~~^^^^^^^^^^^^^^^^^^^^^^^^^^^^^^^^^^
UnicodeEncodeError: 'charmap' codec can't encode character '\U0001f4a5' in position 0: character maps to <undefined>
